------------------------------------------------------------
TimeQuest Timing Analyzer Summary
------------------------------------------------------------

Type  : Slow 1200mV 85C Model Setup 'inst482'
Slack : -4.983
TNS   : -149.945

Type  : Slow 1200mV 85C Model Setup 'inst439'
Slack : -2.642
TNS   : -2.642

Type  : Slow 1200mV 85C Model Setup 'CLK'
Slack : -2.390
TNS   : -2.390

Type  : Slow 1200mV 85C Model Setup 'inst413'
Slack : -2.303
TNS   : -2.303

Type  : Slow 1200mV 85C Model Setup 'inst412'
Slack : -2.041
TNS   : -2.041

Type  : Slow 1200mV 85C Model Hold 'inst482'
Slack : 0.093
TNS   : 0.000

Type  : Slow 1200mV 85C Model Hold 'inst413'
Slack : 0.384
TNS   : 0.000

Type  : Slow 1200mV 85C Model Hold 'inst439'
Slack : 0.420
TNS   : 0.000

Type  : Slow 1200mV 85C Model Hold 'inst412'
Slack : 0.513
TNS   : 0.000

Type  : Slow 1200mV 85C Model Hold 'CLK'
Slack : 1.280
TNS   : 0.000

Type  : Slow 1200mV 85C Model Minimum Pulse Width 'CLK'
Slack : -3.000
TNS   : -4.000

Type  : Slow 1200mV 85C Model Minimum Pulse Width 'inst482'
Slack : -2.174
TNS   : -43.348

Type  : Slow 1200mV 85C Model Minimum Pulse Width 'inst412'
Slack : -1.000
TNS   : -1.000

Type  : Slow 1200mV 85C Model Minimum Pulse Width 'inst413'
Slack : -1.000
TNS   : -1.000

Type  : Slow 1200mV 85C Model Minimum Pulse Width 'inst439'
Slack : -1.000
TNS   : -1.000

Type  : Slow 1200mV 0C Model Setup 'inst482'
Slack : -4.424
TNS   : -131.471

Type  : Slow 1200mV 0C Model Setup 'inst439'
Slack : -2.247
TNS   : -2.247

Type  : Slow 1200mV 0C Model Setup 'CLK'
Slack : -2.060
TNS   : -2.060

Type  : Slow 1200mV 0C Model Setup 'inst413'
Slack : -1.946
TNS   : -1.946

Type  : Slow 1200mV 0C Model Setup 'inst412'
Slack : -1.712
TNS   : -1.712

Type  : Slow 1200mV 0C Model Hold 'inst482'
Slack : 0.139
TNS   : 0.000

Type  : Slow 1200mV 0C Model Hold 'inst413'
Slack : 0.341
TNS   : 0.000

Type  : Slow 1200mV 0C Model Hold 'inst439'
Slack : 0.373
TNS   : 0.000

Type  : Slow 1200mV 0C Model Hold 'inst412'
Slack : 0.472
TNS   : 0.000

Type  : Slow 1200mV 0C Model Hold 'CLK'
Slack : 1.109
TNS   : 0.000

Type  : Slow 1200mV 0C Model Minimum Pulse Width 'CLK'
Slack : -3.000
TNS   : -4.000

Type  : Slow 1200mV 0C Model Minimum Pulse Width 'inst482'
Slack : -2.174
TNS   : -43.348

Type  : Slow 1200mV 0C Model Minimum Pulse Width 'inst412'
Slack : -1.000
TNS   : -1.000

Type  : Slow 1200mV 0C Model Minimum Pulse Width 'inst413'
Slack : -1.000
TNS   : -1.000

Type  : Slow 1200mV 0C Model Minimum Pulse Width 'inst439'
Slack : -1.000
TNS   : -1.000

Type  : Fast 1200mV 0C Model Setup 'inst482'
Slack : -2.490
TNS   : -68.971

Type  : Fast 1200mV 0C Model Setup 'inst439'
Slack : -1.182
TNS   : -1.182

Type  : Fast 1200mV 0C Model Setup 'inst413'
Slack : -0.970
TNS   : -0.970

Type  : Fast 1200mV 0C Model Setup 'CLK'
Slack : -0.843
TNS   : -0.843

Type  : Fast 1200mV 0C Model Setup 'inst412'
Slack : -0.816
TNS   : -0.816

Type  : Fast 1200mV 0C Model Hold 'inst482'
Slack : 0.179
TNS   : 0.000

Type  : Fast 1200mV 0C Model Hold 'inst413'
Slack : 0.206
TNS   : 0.000

Type  : Fast 1200mV 0C Model Hold 'inst439'
Slack : 0.209
TNS   : 0.000

Type  : Fast 1200mV 0C Model Hold 'inst412'
Slack : 0.254
TNS   : 0.000

Type  : Fast 1200mV 0C Model Hold 'CLK'
Slack : 0.511
TNS   : 0.000

Type  : Fast 1200mV 0C Model Minimum Pulse Width 'CLK'
Slack : -3.000
TNS   : -4.155

Type  : Fast 1200mV 0C Model Minimum Pulse Width 'inst482'
Slack : -1.000
TNS   : -41.000

Type  : Fast 1200mV 0C Model Minimum Pulse Width 'inst412'
Slack : -1.000
TNS   : -1.000

Type  : Fast 1200mV 0C Model Minimum Pulse Width 'inst413'
Slack : -1.000
TNS   : -1.000

Type  : Fast 1200mV 0C Model Minimum Pulse Width 'inst439'
Slack : -1.000
TNS   : -1.000

------------------------------------------------------------
